// Jest Snapshot v1, https://goo.gl/fbAQLP

exports[`renders the test table component properly 1`] = `
<div
  id="Table"
>
  <input
    name="search"
    type="text"
    value=""
  />
  <table>
    <tbody>
      <tr>
        <th>
          NAME
        </th>
        <th>
          PHONE
        </th>
        <th>
          GENDER
        </th>
      </tr>
      <tr>
        <td>
          Rohan
        </td>
        <td>
          1234567890
        </td>
        <td>
          M
        </td>
        <td>
          <button
            id="btndel"
            name="delete"
            value="delete"
          >
            X
          </button>
        </td>
      </tr>
    </tbody>
  </table>
</div>
`;
